// Vitest Snapshot v1

exports[`Modal > should match with snapshot 1`] = `<div />`;
