// Vitest Snapshot v1

exports[`RequestPage > should match with snapshot 1`] = `
<div>
  <main
    class="sc-fnykZs bwVpRF"
  >
    <header
      class="sc-dkzDqf ifZngJ"
      data-testid="test-navigation"
    >
      <a
        href="/"
        id="header-logo"
      >
        <img
          alt="Medline logo"
          class="sc-hKMtZM kcTwZQ"
          src="/src/assets/images/medline-logo.svg"
        />
      </a>
      <nav
        class="sc-eCYdqJ dDvGMN"
        data-testid="test-navigation-items"
      >
        <div
          class="sc-gsnTZi eqeYZu"
        >
          <button
            class="sc-bczRLJ bJBahq"
            type="button"
          >
            Cadastro
          </button>
        </div>
        <div
          class="sc-gsnTZi eqeYZu"
        >
          <a
            href="/login"
          >
            Entrar
          </a>
        </div>
      </nav>
    </header>
    <form
      class="sc-fEOsli cWYXxm"
    >
      <div
        class="sc-bjUoiL bixoHL"
      >
        <div
          class="sc-idiyUo gUFoni"
        >
          <h2
            class="sc-dIouRR eAjdJH"
          >
            Descrição
          </h2>
          <textarea
            class="sc-hHLeRK haKSTc"
            placeholder="Descreva o seu problema"
          />
        </div>
        <div
          class="sc-dmRaPn jtdwDf"
        >
          <h2
            class="sc-kgflAQ gAmHCo"
          >
            Solicitações
          </h2>
          <div
            class="sc-crXcEl evBWJB"
          >
            <input
              class="sc-hAZoDl bWZkFr"
              data-testid="test-switch"
              id="react-switch-new"
              name="react-switch-new"
              type="checkbox"
            />
            <label
              class="sc-ksZaOG btGNZc"
              for="react-switch-new"
            >
              <div
                class="sc-evZas iEgbiY"
              >
                <span>
                  Atestado
                </span>
                <span>
                  Receita
                </span>
              </div>
              <span
                class="sc-breuTD izwwrN"
              />
            </label>
          </div>
          <div
            class="sc-fLlhyt jQodRf"
          >
            <h5
              class="sc-bBrHrO fibDkr"
            >
              Selecione uma das opções:
            </h5>
            <div
              class="sc-ivTmOn ewEhhN"
            >
              <div
                class="sc-ezWOiH eAiRkF"
              >
                <input
                  class="sc-iIPllB RThe"
                  id="0"
                  name="option"
                  type="radio"
                  value="0"
                />
                <label
                  class="sc-gicCDI hLFGNV"
                  for="0"
                >
                  Covid-19
                </label>
              </div>
              <div
                class="sc-ezWOiH eAiRkF"
              >
                <input
                  class="sc-iIPllB RThe"
                  id="1"
                  name="option"
                  type="radio"
                  value="1"
                />
                <label
                  class="sc-gicCDI hLFGNV"
                  for="1"
                >
                  Virose
                </label>
              </div>
              <div
                class="sc-ezWOiH eAiRkF"
              >
                <input
                  class="sc-iIPllB RThe"
                  id="2"
                  name="option"
                  type="radio"
                  value="2"
                />
                <label
                  class="sc-gicCDI hLFGNV"
                  for="2"
                >
                  Doença da mosca
                </label>
              </div>
              <div
                class="sc-ezWOiH eAiRkF"
              >
                <input
                  class="sc-iIPllB RThe"
                  id="3"
                  name="option"
                  type="radio"
                  value="3"
                />
                <label
                  class="sc-gicCDI hLFGNV"
                  for="3"
                >
                  Dengue
                </label>
              </div>
              <div
                class="sc-ezWOiH eAiRkF"
              >
                <input
                  class="sc-iIPllB RThe"
                  id="4"
                  name="option"
                  type="radio"
                  value="4"
                />
                <label
                  class="sc-gicCDI hLFGNV"
                  for="4"
                >
                  Gripe
                </label>
              </div>
            </div>
          </div>
        </div>
      </div>
      <div
        class="sc-cxabCf fkcPDf"
      >
        <button
          class="sc-bczRLJ GABYc"
          type="button"
        >
          <svg
            color="#000"
            fill="currentColor"
            height="1em"
            stroke="currentColor"
            stroke-width="0"
            style="color: rgb(0, 0, 0);"
            viewBox="0 0 448 512"
            width="1em"
            xmlns="http://www.w3.org/2000/svg"
          >
            <path
              d="M43.246 466.142c-58.43-60.289-57.341-157.511 1.386-217.581L254.392 34c44.316-45.332 116.351-45.336 160.671 0 43.89 44.894 43.943 117.329 0 162.276L232.214 383.128c-29.855 30.537-78.633 30.111-107.982-.998-28.275-29.97-27.368-77.473 1.452-106.953l143.743-146.835c6.182-6.314 16.312-6.422 22.626-.241l22.861 22.379c6.315 6.182 6.422 16.312.241 22.626L171.427 319.927c-4.932 5.045-5.236 13.428-.648 18.292 4.372 4.634 11.245 4.711 15.688.165l182.849-186.851c19.613-20.062 19.613-52.725-.011-72.798-19.189-19.627-49.957-19.637-69.154 0L90.39 293.295c-34.763 35.56-35.299 93.12-1.191 128.313 34.01 35.093 88.985 35.137 123.058.286l172.06-175.999c6.177-6.319 16.307-6.433 22.626-.256l22.877 22.364c6.319 6.177 6.434 16.307.256 22.626l-172.06 175.998c-59.576 60.938-155.943 60.216-214.77-.485z"
            />
          </svg>
          Anexar
        </button>
        <input
          class="sc-llJcti cCkUrQ"
          data-testid="file-input-test"
          type="file"
        />
        <button
          class="sc-bczRLJ GABYc"
          type="submit"
        >
          <svg
            fill="currentColor"
            height="1em"
            stroke="currentColor"
            stroke-width="0"
            viewBox="0 0 512 512"
            width="1em"
            xmlns="http://www.w3.org/2000/svg"
          >
            <path
              d="M440 6.5L24 246.4c-34.4 19.9-31.1 70.8 5.7 85.9L144 379.6V464c0 46.4 59.2 65.5 86.6 28.6l43.8-59.1 111.9 46.2c5.9 2.4 12.1 3.6 18.3 3.6 8.2 0 16.3-2.1 23.6-6.2 12.8-7.2 21.6-20 23.9-34.5l59.4-387.2c6.1-40.1-36.9-68.8-71.5-48.9zM192 464v-64.6l36.6 15.1L192 464zm212.6-28.7l-153.8-63.5L391 169.5c10.7-15.5-9.5-33.5-23.7-21.2L155.8 332.6 48 288 464 48l-59.4 387.3z"
            />
          </svg>
          Enviar
        </button>
      </div>
    </form>
  </main>
  ,
</div>
`;
