// Vitest Snapshot v1

exports[`FileInput > should match with snapshot 1`] = `
<div>
  <button
    class="sc-bczRLJ eeLoKZ"
  >
    FileInput example
  </button>
  <input
    class="sc-gsnTZi iwTHrt"
    data-testid="file-input-test"
    type="file"
  />
</div>
`;
