// Vitest Snapshot v1

exports[`FilePreview > should match with snapshot 1`] = `
<div>
  <div
    class="sc-bczRLJ iFSACV"
  >
    <span
      class="sc-gsnTZi jjMMDi"
    >
      FilePreview example
    </span>
    <div
      class="sc-dkzDqf bYyGGF"
    >
      <svg
        class="icon-action"
        data-testid="icon-ready-test"
        fill="currentColor"
        height="25"
        stroke="currentColor"
        stroke-width="0"
        viewBox="0 0 20 20"
        width="25"
        xmlns="http://www.w3.org/2000/svg"
      >
        <path
          clip-rule="evenodd"
          d="M16.707 5.293a1 1 0 010 1.414l-8 8a1 1 0 01-1.414 0l-4-4a1 1 0 011.414-1.414L8 12.586l7.293-7.293a1 1 0 011.414 0z"
          fill-rule="evenodd"
        />
      </svg>
      <svg
        class="icon-action download"
        color="#257472"
        fill="currentColor"
        height="25"
        stroke="currentColor"
        stroke-width="0"
        style="color: rgb(37, 116, 114);"
        viewBox="0 0 20 20"
        width="25"
        xmlns="http://www.w3.org/2000/svg"
      >
        <path
          clip-rule="evenodd"
          d="M3 17a1 1 0 011-1h12a1 1 0 110 2H4a1 1 0 01-1-1zm3.293-7.707a1 1 0 011.414 0L9 10.586V3a1 1 0 112 0v7.586l1.293-1.293a1 1 0 111.414 1.414l-3 3a1 1 0 01-1.414 0l-3-3a1 1 0 010-1.414z"
          fill-rule="evenodd"
        />
      </svg>
    </div>
  </div>
</div>
`;
