// Vitest Snapshot v1

exports[`Portal > should match with snapshot 1`] = `<div />`;
