// Vitest Snapshot v1

exports[`HeaderItem > should match with snapshot 1`] = `
<div>
  <div
    class="sc-gsnTZi qZpGk"
  >
    <button
      class="sc-bczRLJ bJBahq"
      type="button"
    />
  </div>
</div>
`;
