// Vitest Snapshot v1

exports[`Login > should match with snapshot 1`] = `
<div>
  <div
    class="sc-eCYdqJ kKlpka"
  >
    <header
      class="sc-fnykZs goXKXN"
      data-testid="test-navigation"
    >
      <img
        alt="Medline logo"
        class="sc-fEOsli bGitPF"
        src="/src/assets/images/medline-logo.svg"
      />
      <nav
        class="sc-bjUoiL dEUTdv"
        data-testid="test-navigation-items"
      >
        <div
          class="sc-hAZoDl cJByLp"
        >
          <button
            class="sc-ksZaOG ioDaHZ"
          >
            Cadastro
          </button>
        </div>
        <div
          class="sc-hAZoDl cJByLp"
        >
          <a
            href="/login"
          >
            Entrar
          </a>
        </div>
      </nav>
    </header>
    <div
      class="sc-jSMfEi clAKAo"
    >
      <div
        class="sc-gKXOVf cGYLZS"
      />
      <div
        class="sc-ftvSup byVrQV"
      >
        <div
          class="sc-papXJ hBdJDP"
        >
          <h1
            class="sc-iBkjds jgQARk"
          >
            Entre com seu acesso
          </h1>
          <div
            class="sc-bczRLJ itlDIl"
          >
            <span
              class="sc-gsnTZi jYHEuj"
              data-testid="test-input-label"
            >
              Usu√°rio
            </span>
            <div
              class="sc-dkzDqf bMJUCZ"
            >
              <svg
                fill="currentColor"
                height="30"
                role="img"
                stroke="currentColor"
                stroke-width="0"
                viewBox="0 0 512 512"
                width="30"
                xmlns="http://www.w3.org/2000/svg"
              >
                <path
                  d="M256 288c79.5 0 144-64.5 144-144S335.5 0 256 0 112 64.5 112 144s64.5 144 144 144zm128 32h-55.1c-22.2 10.2-46.9 16-72.9 16s-50.6-5.8-72.9-16H128C57.3 320 0 377.3 0 448v16c0 26.5 21.5 48 48 48h416c26.5 0 48-21.5 48-48v-16c0-70.7-57.3-128-128-128z"
                />
              </svg>
              <input
                class="sc-hKMtZM fIniom"
                data-testid="test-input"
                placeholder="Email"
                type="text"
                value=""
              />
            </div>
          </div>
          <div
            class="sc-bczRLJ itlDIl"
          >
            <span
              class="sc-gsnTZi jYHEuj"
              data-testid="test-input-label"
            >
              Senha
            </span>
            <div
              class="sc-dkzDqf bMJUCZ"
            >
              <svg
                fill="currentColor"
                height="30"
                role="img"
                stroke="currentColor"
                stroke-width="0"
                viewBox="0 0 448 512"
                width="30"
                xmlns="http://www.w3.org/2000/svg"
              >
                <path
                  d="M400 224h-24v-72C376 68.2 307.8 0 224 0S72 68.2 72 152v72H48c-26.5 0-48 21.5-48 48v192c0 26.5 21.5 48 48 48h352c26.5 0 48-21.5 48-48V272c0-26.5-21.5-48-48-48zm-104 0H152v-72c0-39.7 32.3-72 72-72s72 32.3 72 72v72z"
                />
              </svg>
              <input
                class="sc-hKMtZM fIniom"
                data-testid="test-input"
                placeholder="Senha"
                type="password"
                value=""
              />
              <svg
                data-testid="test-eye-icon"
                fill="currentColor"
                height="26"
                role="img"
                stroke="currentColor"
                stroke-width="0"
                viewBox="0 0 576 512"
                width="26"
                xmlns="http://www.w3.org/2000/svg"
              >
                <path
                  d="M572.52 241.4C518.29 135.59 410.93 64 288 64S57.68 135.64 3.48 241.41a32.35 32.35 0 0 0 0 29.19C57.71 376.41 165.07 448 288 448s230.32-71.64 284.52-177.41a32.35 32.35 0 0 0 0-29.19zM288 400a144 144 0 1 1 144-144 143.93 143.93 0 0 1-144 144zm0-240a95.31 95.31 0 0 0-25.31 3.79 47.85 47.85 0 0 1-66.9 66.9A95.78 95.78 0 1 0 288 160z"
                />
              </svg>
            </div>
          </div>
          <div
            class="sc-kDDrLX uIVyf"
          >
            <div
              class="sc-breuTD jsJxhM"
            >
              <input
                class="sc-crXcEl eQIjlf"
                name=""
                type="checkbox"
              />
              <label
                class="sc-evZas fIBvGt"
              >
                Lembrar de mim
              </label>
            </div>
            <span
              class="sc-jqUVSM iwlUUS"
            >
              Esqueceu a senha?
            </span>
          </div>
          <div
            class="sc-iqcoie dLlhNV"
          >
            <button
              class="sc-ksZaOG dHWQgM"
            >
              Login
            </button>
            <button
              class="sc-ksZaOG dHWQgM"
            >
              Cadastrar
            </button>
          </div>
        </div>
      </div>
    </div>
  </div>
  ,
</div>
`;
