// Vitest Snapshot v1

exports[`Button > should match with snapshot 1`] = `
<div>
  <button
    class="sc-bczRLJ fwtZpK"
  >
    button example
  </button>
</div>
`;
